// Jest Snapshot v1, https://goo.gl/fbAQLP

exports[`simple.ts 1`] = `
"/Users/louischan/eslint-oursky/test/src/simple.ts:1:1: Unexpected var, use let or const instead. [Error/no-var]
/Users/louischan/eslint-oursky/test/src/simple.ts:1:5: 'a' is assigned a value but never used. Allowed unused vars must match /^_/u. [Error/@typescript-eslint/no-unused-vars]

2 problems"
`;
